> Task :app:checkKotlinGradlePluginConfigurationErrors SKIPPED
> Task :app:preBuild UP-TO-DATE
> Task :app:preDebugBuild UP-TO-DATE
> Task :app:dataBindingMergeDependencyArtifactsDebug UP-TO-DATE
> Task :app:generateDebugResValues UP-TO-DATE
> Task :app:generateDebugResources UP-TO-DATE
> Task :app:mergeDebugResources UP-TO-DATE
> Task :app:dataBindingGenBaseClassesDebug UP-TO-DATE
> Task :app:generateDebugBuildConfig UP-TO-DATE
> Task :app:generateSafeArgsDebug UP-TO-DATE
> Task :app:checkDebugAarMetadata UP-TO-DATE
> Task :app:processDebugNavigationResources UP-TO-DATE
> Task :app:compileDebugNavigationResources UP-TO-DATE
> Task :app:mapDebugSourceSetPaths UP-TO-DATE
> Task :app:createDebugCompatibleScreenManifests UP-TO-DATE
> Task :app:extractDeepLinksDebug UP-TO-DATE
> Task :app:processDebugMainManifest UP-TO-DATE
> Task :app:processDebugManifest UP-TO-DATE
> Task :app:processDebugManifestForPackage UP-TO-DATE
> Task :app:processDebugResources UP-TO-DATE
> Task :app:kspDebugKotlin UP-TO-DATE

> Task :app:compileDebugKotlin FAILED
.\gradlew : e: file:///C:/Users/Bale/Desktop/QuackPad/app/src/main/java/org/qosp/notes/components/ImageSt
orageManager.kt:19:40 Unresolved reference 'IMAGES_FOLDER'.
In riga:1 car:1
+ .\gradlew compileDebugKotlin > build_output.txt 2>&1
+ ~~~~~~~~~~~~~~~~~~~~~~~~~~~~~~~~~~~~~~~~~~~~~~~~~~~~
    + CategoryInfo          : NotSpecified: (e: file:///C:/U...IMAGES_FOLDER'.:String) [], RemoteExcepti 
   on
    + FullyQualifiedErrorId : NativeCommandError
 
e: file:///C:/Users/Bale/Desktop/QuackPad/app/src/main/java/org/qosp/notes/components/ImageStorageManager
.kt:30:13 Cannot infer type for this parameter. Specify it explicitly.
e: file:///C:/Users/Bale/Desktop/QuackPad/app/src/main/java/org/qosp/notes/components/ImageStorageManager
.kt:31:33 Unresolved reference 'extensionFromUri'.
e: file:///C:/Users/Bale/Desktop/QuackPad/app/src/main/java/org/qosp/notes/components/ImageStorageManager
.kt:33:32 Unresolved reference 'uniqueFile'.
e: file:///C:/Users/Bale/Desktop/QuackPad/app/src/main/java/org/qosp/notes/components/ImageStorageManager
.kt:50:33 Unresolved reference 'extensionFromUri'.
e: file:///C:/Users/Bale/Desktop/QuackPad/app/src/main/java/org/qosp/notes/components/ImageStorageManager
.kt:56:36 Unresolved reference 'uniqueFile'.
e: file:///C:/Users/Bale/Desktop/QuackPad/app/src/main/java/org/qosp/notes/components/ImageStorageManager
.kt:63:36 Unresolved reference 'uniqueFile'.
e: file:///C:/Users/Bale/Desktop/QuackPad/app/src/main/java/org/qosp/notes/components/ImageStorageManager
.kt:77:9 Unresolved reference 'IMAGE_REGEX'.
e: file:///C:/Users/Bale/Desktop/QuackPad/app/src/main/java/org/qosp/notes/components/ImageStorageManager
.kt:77:44 Unresolved reference 'it'.
e: file:///C:/Users/Bale/Desktop/QuackPad/app/src/main/java/org/qosp/notes/components/ImageStorageManager
.kt:77:44 Cannot infer type for this parameter. Specify it explicitly.
e: file:///C:/Users/Bale/Desktop/QuackPad/app/src/main/java/org/qosp/notes/components/ImageStorageManager
.kt:84:9 Unresolved reference 'RELATIVE_IMAGE_REGEX'.
e: file:///C:/Users/Bale/Desktop/QuackPad/app/src/main/java/org/qosp/notes/components/ImageStorageManager
.kt:84:53 Unresolved reference 'it'.
e: file:///C:/Users/Bale/Desktop/QuackPad/app/src/main/java/org/qosp/notes/components/ImageStorageManager
.kt:84:53 Cannot infer type for this parameter. Specify it explicitly.
e: file:///C:/Users/Bale/Desktop/QuackPad/app/src/main/java/org/qosp/notes/components/ImageStorageManager
.kt:104:5 Modifier 'private' is not applicable to 'local function'.
e: file:///C:/Users/Bale/Desktop/QuackPad/app/src/main/java/org/qosp/notes/components/ImageStorageManager
.kt:116:5 Modifier 'private' is not applicable to 'local function'.
e: file:///C:/Users/Bale/Desktop/QuackPad/app/src/main/java/org/qosp/notes/components/ImageStorageManager
.kt:128:5 Unresolved reference 'companion'.
e: file:///C:/Users/Bale/Desktop/QuackPad/app/src/main/java/org/qosp/notes/components/ImageStorageManager
.kt:128:14 Syntax error: Unexpected tokens (use ';' to separate expressions on the same line).
e: file:///C:/Users/Bale/Desktop/QuackPad/app/src/main/java/org/qosp/notes/components/ImageStorageManager
.kt:128:15 Return type mismatch: expected 'String?', actual '<anonymous>'.
e: file:///C:/Users/Bale/Desktop/QuackPad/app/src/main/java/org/qosp/notes/components/ImageStorageManager
.kt:129:9 Const 'val' is only allowed on top level, in named objects, or in companion objects.
e: file:///C:/Users/Bale/Desktop/QuackPad/app/src/main/java/org/qosp/notes/components/ImageStorageManager
.kt:143:2 Syntax error: Missing '}.
e: file:///C:/Users/Bale/Desktop/QuackPad/app/src/main/java/org/qosp/notes/components/backup/BackupManage
r.kt:192:78 Unresolved reference 'IMAGES_FOLDER'.
e: file:///C:/Users/Bale/Desktop/QuackPad/app/src/main/java/org/qosp/notes/components/backup/BackupManage
r.kt:193:91 Unresolved reference 'IMAGES_FOLDER'.
e: file:///C:/Users/Bale/Desktop/QuackPad/app/src/main/java/org/qosp/notes/components/backup/BackupManage
r.kt:292:74 Unresolved reference 'IMAGES_FOLDER'.
e: file:///C:/Users/Bale/Desktop/QuackPad/app/src/main/java/org/qosp/notes/components/backup/BackupManage
r.kt:298:74 Unresolved reference 'IMAGES_FOLDER'.
e: file:///C:/Users/Bale/Desktop/QuackPad/app/src/main/java/org/qosp/notes/components/backup/BackupManage
r.kt:305:74 Unresolved reference 'IMAGES_FOLDER'.
e: file:///C:/Users/Bale/Desktop/QuackPad/app/src/main/java/org/qosp/notes/components/backup/BackupManage
r.kt:311:74 Unresolved reference 'IMAGES_FOLDER'.
e: file:///C:/Users/Bale/Desktop/QuackPad/app/src/main/java/org/qosp/notes/data/repo/NoteRepositoryImpl.k
t:237:33 Unresolved reference 'deleteImagesReferencedIn'.
e: file:///C:/Users/Bale/Desktop/QuackPad/app/src/main/java/org/qosp/notes/data/repo/NoteRepositoryImpl.k
t:257:50 Unresolved reference 'deleteImagesReferencedIn'.
e: file:///C:/Users/Bale/Desktop/QuackPad/app/src/main/java/org/qosp/notes/ui/calendar/CalendarFragment.k
t:66:70 No value passed for parameter 'transitionName'.
e: file:///C:/Users/Bale/Desktop/QuackPad/app/src/main/java/org/qosp/notes/ui/editor/EditorViewModel.kt:1
72:50 Unresolved reference 'copyImageForNote'.

FAILURE: Build failed with an exception.

* What went wrong:
Execution failed for task ':app:compileDebugKotlin'.
> A failure occurred while executing 
org.jetbrains.kotlin.compilerRunner.GradleCompilerRunnerWithWorkers$GradleKotlinCompilerWorkAction
   > Compilation error. See log for more details

* Try:
> Run with --stacktrace option to get the stack trace.
> Run with --info or --debug option to get more log output.
> Run with --scan to generate a Build Scan (Powered by Develocity).
> Get more help at https://help.gradle.org.

BUILD FAILED in 4s
19 actionable tasks: 1 executed, 18 up-to-date
